// Jest Snapshot v1, https://goo.gl/fbAQLP

exports[`Assets API should serve asset successfully 1`] = `""`;
